// Jest Snapshot v1, https://goo.gl/fbAQLP

exports[`ButtonBlock matches snapshot 1`] = `
ShallowWrapper {
  Symbol(enzyme.__root__): [Circular],
  Symbol(enzyme.__unrendered__): <ButtonBlock
    buttons={
      Array [
        Object {
          "label": "Monthly",
          "value": "mo",
        },
        Object {
          "label": "Annually",
          "value": "year",
        },
      ]
    }
  />,
  Symbol(enzyme.__renderer__): Object {
    "batchedUpdates": [Function],
    "getNode": [Function],
    "render": [Function],
    "simulateError": [Function],
    "simulateEvent": [Function],
    "unmount": [Function],
  },
  Symbol(enzyme.__node__): Object {
    "instance": null,
    "key": undefined,
    "nodeType": "host",
    "props": Object {
      "children": Array [
        <button
          className="button-block__button active"
          onClick={[Function]}
        >
          Monthly
        </button>,
        <button
          className="button-block__button "
          onClick={[Function]}
        >
          Annually
        </button>,
      ],
      "className": "button-block",
    },
    "ref": null,
    "rendered": Array [
      Object {
        "instance": null,
        "key": "0",
        "nodeType": "host",
        "props": Object {
          "children": "Monthly",
          "className": "button-block__button active",
          "onClick": [Function],
        },
        "ref": null,
        "rendered": "Monthly",
        "type": "button",
      },
      Object {
        "instance": null,
        "key": "1",
        "nodeType": "host",
        "props": Object {
          "children": "Annually",
          "className": "button-block__button ",
          "onClick": [Function],
        },
        "ref": null,
        "rendered": "Annually",
        "type": "button",
      },
    ],
    "type": "div",
  },
  Symbol(enzyme.__nodes__): Array [
    Object {
      "instance": null,
      "key": undefined,
      "nodeType": "host",
      "props": Object {
        "children": Array [
          <button
            className="button-block__button active"
            onClick={[Function]}
          >
            Monthly
          </button>,
          <button
            className="button-block__button "
            onClick={[Function]}
          >
            Annually
          </button>,
        ],
        "className": "button-block",
      },
      "ref": null,
      "rendered": Array [
        Object {
          "instance": null,
          "key": "0",
          "nodeType": "host",
          "props": Object {
            "children": "Monthly",
            "className": "button-block__button active",
            "onClick": [Function],
          },
          "ref": null,
          "rendered": "Monthly",
          "type": "button",
        },
        Object {
          "instance": null,
          "key": "1",
          "nodeType": "host",
          "props": Object {
            "children": "Annually",
            "className": "button-block__button ",
            "onClick": [Function],
          },
          "ref": null,
          "rendered": "Annually",
          "type": "button",
        },
      ],
      "type": "div",
    },
  ],
  Symbol(enzyme.__options__): Object {
    "adapter": ReactSixteenAdapter {
      "options": Object {
        "enableComponentDidUpdateOnSetState": true,
        "lifecycles": Object {
          "componentDidUpdate": Object {
            "onSetState": true,
          },
          "getDerivedStateFromProps": true,
          "getSnapshotBeforeUpdate": true,
          "setState": Object {
            "skipsComponentDidUpdateOnNullish": true,
          },
        },
      },
    },
  },
}
`;
